Game is Xonotic using base gamedir data
gamename for server filtering: Xonotic
Xonotic Mac OS X 23:45:47 Aug 28 2026 - release
Skeletal animation uses generic code path (SSE not compiled in)
execing quake.rc
execing default.cfg
execing xonotic-common.cfg
execing xonotic-client.cfg
Warning: Could not expand $vid_width
Warning: Could not expand $vid_height
Warning: Could not expand $vid_pixelheight
Warning: Could not expand $vid_desktopfullscreen
execing sRGB-disable.cfg
execing binds-xonotic.cfg
execing effects-normal.cfg
execing crosshairs.cfg
execing gamemodes-client.cfg
execing notifications.cfg
execing _hud_common.cfg
execing _hud_descriptions.cfg
execing hud_luma.cfg
execing xonotic-server.cfg
execing testing.cfg
execing balance-xonotic.cfg
execing bal-wep-xonotic.cfg
execing physicsX.cfg
execing turrets.cfg
execing vehicles.cfg
execing gamemodes-server.cfg
execing ctfscoring-samual.cfg
execing mutators.cfg
execing randomitems-xonotic.cfg
execing monsters.cfg
execing minigames.cfg
execing physics.cfg
execing cdtracks.cfg
execing commands.cfg
Warning: Could not expand $qport in alias _if_dedicated
execing help.cfg
couldn't exec config.cfg
"maxplayers" set to "16"
execing data/campaign.cfg
execing config_update.cfg
execing font-xolonium.cfg
Warning: Could not expand $scr_loadingscreen_barheight
Warning: Could not expand $scr_infobar_height
This command only works on clients: cl_cmd hud scoreboard_columns_set 
execing autoexec/empty.cfg
execing autoexec.cfg
execing gamemodes-payload.cfg
"maxplayers" set to "16"
Mod_Q1BSP_RecursiveNodePortals: WARNING: new portal was clipped away
Mod_Q1BSP_RecursiveNodePortals: WARNING: new portal was clipped away
Mod_Q1BSP_RecursiveNodePortals: WARNING: new portal was clipped away
Mod_Q1BSP_RecursiveNodePortals: WARNING: new portal was clipped away
Mod_Q1BSP_RecursiveNodePortals: WARNING: new portal was clipped away
Mod_Q1BSP_RecursiveNodePortals: WARNING: new portal was clipped away
Mod_Q1BSP_RecursiveNodePortals: WARNING: new portal was clipped away
Mod_Q1BSP_RecursiveNodePortals: WARNING: new portal was clipped away
Mod_Q1BSP_RecursiveNodePortals: WARNING: new portal was clipped away
Mod_Q1BSP_RecursiveNodePortals: WARNING: new portal was clipped away
Mod_Q1BSP_RecursiveNodePortals: WARNING: new portal was clipped away
Mod_Q1BSP_RecursiveNodePortals: WARNING: new portal was clipped away
Mod_Q1BSP_RecursiveNodePortals: WARNING: new portal was clipped away
Mod_Q1BSP_RecursiveNodePortals: WARNING: new portal was clipped away
Mod_Q1BSP_RecursiveNodePortals: WARNING: new portal was clipped away
Mod_Q1BSP_RecursiveNodePortals: WARNING: new portal was clipped away
Mod_Q1BSP_RecursiveNodePortals: WARNING: new portal was clipped away
Mod_Q1BSP_RecursiveNodePortals: WARNING: new portal was clipped away
Mod_Q1BSP_RecursiveNodePortals: WARNING: new portal was clipped away
Mod_Q1BSP_RecursiveNodePortals: WARNING: new portal was clipped away
Mod_Q1BSP_RecursiveNodePortals: WARNING: new portal was clipped away
Mod_Q1BSP_RecursiveNodePortals: WARNING: new portal was clipped away
Mod_Q1BSP_RecursiveNodePortals: WARNING: new portal was clipped away
Mod_Q1BSP_RecursiveNodePortals: WARNING: new portal was clipped away
Mod_Q1BSP_RecursiveNodePortals: WARNING: new portal was clipped away
Mod_Q1BSP_RecursiveNodePortals: WARNING: new portal was clipped away
Mod_Q1BSP_RecursiveNodePortals: WARNING: new portal was clipped away
Mod_Q1BSP_RecursiveNodePortals: WARNING: new portal was clipped away
Mod_Q1BSP_RecursiveNodePortals: WARNING: new portal was clipped away
Mod_Q1BSP_RecursiveNodePortals: WARNING: new portal was clipped away
Mod_Q1BSP_RecursiveNodePortals: WARNING: new portal was clipped away
Mod_Q1BSP_RecursiveNodePortals: WARNING: new portal was clipped away
Mod_Q1BSP_RecursiveNodePortals: WARNING: new portal was clipped away
Mod_Q1BSP_RecursiveNodePortals: WARNING: new portal was clipped away
Mod_Q1BSP_RecursiveNodePortals: WARNING: new portal was clipped away
Mod_Q1BSP_RecursiveNodePortals: WARNING: new portal was clipped away
Mod_Q1BSP_RecursiveNodePortals: WARNING: new portal was clipped away
Mod_Q1BSP_RecursiveNodePortals: WARNING: new portal was clipped away
Mod_Q1BSP_RecursiveNodePortals: WARNING: new portal was clipped away
Mod_Q1BSP_RecursiveNodePortals: WARNING: new portal was clipped away
Mod_Q1BSP_RecursiveNodePortals: WARNING: new portal was clipped away
Mod_Q1BSP_RecursiveNodePortals: WARNING: new portal was clipped away
Mod_Q1BSP_RecursiveNodePortals: WARNING: new portal was clipped away
Mod_Q1BSP_RecursiveNodePortals: WARNING: new portal was clipped away
Mod_Q1BSP_RecursiveNodePortals: WARNING: new portal was clipped away
Mod_Q1BSP_RecursiveNodePortals: WARNING: new portal was clipped away
Mod_Q1BSP_RecursiveNodePortals: WARNING: new portal was clipped away
Mod_Q1BSP_RecursiveNodePortals: WARNING: new portal was clipped away
Server using port 26030
Server listening on address 0.0.0.0:26030
Server listening on address [0:0:0:0:0:0:0:0]:26030
Loaded maps/fused.ent
payload: teams mask 31, carts 0
payload: cart 0: 30 path nodes, length 10920.210938
payload: cart 1: 22 path nodes, length 8269.576172
payload: cart 2: 16 path nodes, length 5786.716797
execing post-config.cfg
[BOT]Gator[1;34m connected[m
[BOT]Gator[1;34m is now playing on the [1;33mYELLOW team[m
unconnected changed name to [BOT]Gator
[BOT]Discovery[1;34m connected[m
[BOT]Discovery[1;34m is now playing on the BLUE team[m
[BOT]Hellfire[1;34m connected[m
[BOT]Hellfire[1;34m is now playing on the [1;31mRED team[m
unconnected changed name to [BOT]Discovery
unconnected changed name to [BOT]Hellfire
[BOT]Pegasus[1;34m connected[m
[BOT]Pegasus[1;34m is now playing on the [1;35mPINK team[m
unconnected changed name to [BOT]Pegasus
[BOT]Eureka[1;34m connected[m
[BOT]Eureka[1;34m is now playing on the [1;32mGREEN team[m
unconnected changed name to [BOT]Eureka
[BOT]Delirium[1;34m connected[m
[BOT]Delirium[1;34m is now playing on the [1;32mGREEN team[m
unconnected changed name to [BOT]Delirium
[BOT]Hellfire[1;31m drew first blood! [m
[BOT]Discovery[1;31m was gunned down by [m[BOT]Hellfire[1;31m's Shotgun[m
[BOT]Pegasus[1;31m picked up Strength[m
[BOT]Eureka[1;31m picked up Strength[m
[BOT]Delirium[1;31m picked up Strength[m
Round tied
[BOT]Delirium[1;31m slapped [m[BOT]Pegasus[1;31m around a bit with a large Shotgun[m
payload: bank cart 0 team 5 point 1 s 293.456970
[BOT]Eureka[1;31m picked up Strength[m
[BOT]Pegasus[1;31m picked up Strength[m
payload: bank cart 0 team 5 point 2 s 1458.281738
[BOT]Eureka[1;31m picked up Strength[m
