[   0] Lpg=+0.0122 Lv=0.2321 adv=+0.0042 win=0.125 pwctrl=0.395 (0.32s)
[  25] Lpg=+0.0073 Lv=0.1264 adv=+0.0052 win=0.312 pwctrl=0.469 (7.24s)
[  50] Lpg=-0.0025 Lv=0.1711 adv=-0.0009 win=0.250 pwctrl=0.453 (14.16s)
[  75] Lpg=-0.0049 Lv=0.1066 adv=-0.0017 win=0.125 pwctrl=0.398 (21.13s)
[ 100] Lpg=-0.0009 Lv=0.1293 adv=-0.0007 win=0.312 pwctrl=0.395 (28.13s)
[ 125] Lpg=-0.0084 Lv=0.0674 adv=+0.0000 win=0.312 pwctrl=0.551 (35.05s)
[ 150] Lpg=-0.0052 Lv=0.0795 adv=-0.0026 win=0.625 pwctrl=0.555 (41.95s)
[ 175] Lpg=-0.0037 Lv=0.0728 adv=-0.0010 win=0.250 pwctrl=0.578 (48.87s)
[ 200] Lpg=+0.0003 Lv=0.1051 adv=-0.0003 win=0.312 pwctrl=0.488 (55.85s)
[ 225] Lpg=-0.0003 Lv=0.1069 adv=-0.0005 win=0.500 pwctrl=0.551 (62.77s)
[ 250] Lpg=-0.0053 Lv=0.0905 adv=-0.0006 win=0.250 pwctrl=0.418 (69.72s)
[ 275] Lpg=-0.0007 Lv=0.0719 adv=-0.0006 win=0.438 pwctrl=0.543 (76.61s)
[ 300] Lpg=+0.0014 Lv=0.0236 adv=+0.0004 win=0.375 pwctrl=0.516 (83.59s)
[ 325] Lpg=+0.0026 Lv=0.1337 adv=+0.0001 win=0.312 pwctrl=0.430 (90.49s)
[ 350] Lpg=-0.0007 Lv=0.0845 adv=-0.0004 win=0.562 pwctrl=0.516 (97.36s)
[ 375] Lpg=+0.0045 Lv=0.1067 adv=-0.0002 win=0.375 pwctrl=0.488 (104.31s)
[ 400] Lpg=+0.0073 Lv=0.1382 adv=-0.0001 win=0.438 pwctrl=0.555 (111.2s)
[ 425] Lpg=-0.0049 Lv=0.0263 adv=+0.0002 win=0.625 pwctrl=0.543 (118.09s)
[ 450] Lpg=+0.0021 Lv=0.0358 adv=+0.0003 win=0.625 pwctrl=0.578 (125.01s)
[ 475] Lpg=-0.0036 Lv=0.1389 adv=-0.0002 win=0.438 pwctrl=0.539 (131.92s)
[ 500] Lpg=-0.0092 Lv=0.0567 adv=-0.0005 win=0.375 pwctrl=0.582 (138.78s)
[ 525] Lpg=+0.0022 Lv=0.1024 adv=+0.0014 win=0.750 pwctrl=0.727 (145.67s)
[ 550] Lpg=-0.0024 Lv=0.0715 adv=-0.0010 win=0.750 pwctrl=0.711 (152.51s)
[ 575] Lpg=-0.0067 Lv=0.0381 adv=-0.0002 win=0.500 pwctrl=0.566 (159.3s)
[ 599] Lpg=-0.0053 Lv=0.0815 adv=+0.0004 win=0.625 pwctrl=0.691 (165.92s)
done: 600 iters in 165.9s -> /Users/mdot/mesh/xonotic/solver/strat/runs/train_log.jsonl
